2018-08-11 14:26:47,113 - root - WARNING - Warning message
2018-08-11 14:27:23,962 - root - WARNING - Warning message
2018-08-11 14:28:06,248 - root - WARNING - Warning message
2018-08-11 14:29:07,284 - root - WARNING - Warning message
2018-08-11 14:32:59,772 - root - WARNING - Warning message
2018-08-11 14:32:59,772 - root - DEBUG - Debug message
2018-08-11 14:33:03,662 - root - WARNING - Warning message
2018-08-11 14:33:03,663 - root - DEBUG - Debug message
2018-08-11 14:59:59,300 - root - WARNING - Warning message
2018-08-11 14:59:59,301 - root - DEBUG - Debug message
2018-08-12 21:58:44,174 - root - WARNING - Warning message
2018-08-12 21:58:44,174 - root - DEBUG - Debug message
2018-08-12 21:58:44,977 - root - WARNING - Warning message
2018-08-12 21:58:44,977 - root - DEBUG - Debug message
2018-08-12 21:58:45,405 - root - WARNING - Warning message
2018-08-12 21:58:45,405 - root - DEBUG - Debug message
2018-08-12 21:58:45,588 - root - WARNING - Warning message
2018-08-12 21:58:45,588 - root - DEBUG - Debug message
2018-08-12 21:58:45,762 - root - WARNING - Warning message
2018-08-12 21:58:45,762 - root - DEBUG - Debug message
2018-08-12 21:58:45,938 - root - WARNING - Warning message
2018-08-12 21:58:45,938 - root - DEBUG - Debug message
2018-08-12 21:58:46,096 - root - WARNING - Warning message
2018-08-12 21:58:46,096 - root - DEBUG - Debug message
2018-08-12 21:58:46,251 - root - WARNING - Warning message
2018-08-12 21:58:46,251 - root - DEBUG - Debug message
2018-08-12 21:58:46,443 - root - WARNING - Warning message
2018-08-12 21:58:46,443 - root - DEBUG - Debug message
2018-08-12 21:58:46,627 - root - WARNING - Warning message
2018-08-12 21:58:46,627 - root - DEBUG - Debug message
2018-08-12 21:58:48,685 - root - WARNING - Warning message
2018-08-12 21:58:48,685 - root - DEBUG - Debug message
2018-08-25 23:33:24,178 - root - WARNING - Warning message
2018-08-25 23:33:24,180 - root - DEBUG - Debug message
2018-09-03 22:16:10,796 - root - WARNING - Warning message
2018-09-03 22:16:10,796 - root - DEBUG - Debug message
2018-09-06 22:25:18,803 - root - WARNING - Warning message
2018-09-06 22:25:18,803 - root - DEBUG - Debug message
